// Jest Snapshot v1, https://goo.gl/fbAQLP

exports[`Display component Details returned Given useDetails returns data, component renders 1`] = `
<div>
  <div
    class="card"
  >
    <img
      alt="Thumbnail of selected result"
      class="display"
      data-testid="cardThumbnail"
      src="http://tempuri/thumbnail"
    />
    <div
      class="card-container"
    >
      <h4>
        <b
          data-testid="cardHeader"
        >
          Test
           
          User
        </b>
      </h4>
    </div>
    <div
      class="clear"
    />
  </div>
  <a
    href="/"
  >
    Start again
  </a>
</div>
`;

exports[`Display component No details returned Given useDetails returns null, component does not render 1`] = `
<div>
  <div
    class="ui negative message"
  >
    <div
      class="header"
    >
      Something has gone wrong with your search
    </div>
    <a
      href="/"
    >
      Start again
    </a>
  </div>
</div>
`;
